../Core/Src/main.c:75:5:main	24	static
../Core/Src/main.c:164:6:SystemClock_Config	88	static
../Core/Src/main.c:212:13:MX_USART2_UART_Init	8	static
../Core/Src/main.c:245:13:MX_GPIO_Init	48	static
../Core/Src/main.c:283:13:LED_ON	8	static
../Core/Src/main.c:288:13:LED_OFF	8	static
../Core/Src/main.c:293:13:IS_LED_ON	8	static
../Core/Src/main.c:303:13:LED_WIN_SQUENCE	16	static
../Core/Src/main.c:313:13:LED_LOSS_SQUENCE	16	static
../Core/Src/main.c:323:6:HAL_GPIO_EXTI_Callback	16	static
../Core/Src/main.c:336:6:Error_Handler	4	static,ignoring_inline_asm
